133
I wandered lonely as a cloud,
That floats on high o'er vales and hills,
When all at once I saw a crowd,
A host, of golden daffodils;
1	I wandered lonely as a cloud,
2	That floats on high o'er vales and hills,
That floats on high o'er vales and hills,
When all at once I saw a crowd,
A host, of golden daffodils;
?
